Traceback (most recent call last):
  File "C:\Users\Fedi Arta\AppData\Local\Programs\Python\Python310\lib\site-packages\jupyter_cache\executors\utils.py", line 58, in single_nb_execution
    executenb(
  File "C:\Users\Fedi Arta\AppData\Local\Programs\Python\Python310\lib\site-packages\nbclient\client.py", line 1314, in execute
    return NotebookClient(nb=nb, resources=resources, km=km, **kwargs).execute()
  File "C:\Users\Fedi Arta\AppData\Roaming\Python\Python310\site-packages\jupyter_core\utils\__init__.py", line 166, in wrapped
    return loop.run_until_complete(inner)
  File "C:\Users\Fedi Arta\AppData\Local\Programs\Python\Python310\lib\asyncio\base_events.py", line 646, in run_until_complete
    return future.result()
  File "C:\Users\Fedi Arta\AppData\Local\Programs\Python\Python310\lib\site-packages\nbclient\client.py", line 709, in async_execute
    await self.async_execute_cell(
  File "C:\Users\Fedi Arta\AppData\Local\Programs\Python\Python310\lib\site-packages\nbclient\client.py", line 1062, in async_execute_cell
    await self._check_raise_for_error(cell, cell_index, exec_reply)
  File "C:\Users\Fedi Arta\AppData\Local\Programs\Python\Python310\lib\site-packages\nbclient\client.py", line 918, in _check_raise_for_error
    raise CellExecutionError.from_cell_and_msg(cell, exec_reply_content)
nbclient.exceptions.CellExecutionError: An error occurred while executing the following cell:
------------------
# 1. Load Edge List

file_path = "/content/drive/MyDrive/PPW/facebook_combined.txt"

print("Loading dataset...")
G = nx.read_edgelist(file_path, nodetype=int)
print("Total Nodes :", G.number_of_nodes())
print("Total Edges :", G.number_of_edges())

------------------

----- stdout -----
Loading dataset...
------------------

[1;31m---------------------------------------------------------------------------[0m
[1;31mFileNotFoundError[0m                         Traceback (most recent call last)
Cell [1;32mIn[3], line 6[0m
[0;32m      3[0m file_path [38;5;241m=[39m [38;5;124m"[39m[38;5;124m/content/drive/MyDrive/PPW/facebook_combined.txt[39m[38;5;124m"[39m
[0;32m      5[0m [38;5;28mprint[39m([38;5;124m"[39m[38;5;124mLoading dataset...[39m[38;5;124m"[39m)
[1;32m----> 6[0m G [38;5;241m=[39m [43mnx[49m[38;5;241;43m.[39;49m[43mread_edgelist[49m[43m([49m[43mfile_path[49m[43m,[49m[43m [49m[43mnodetype[49m[38;5;241;43m=[39;49m[38;5;28;43mint[39;49m[43m)[49m
[0;32m      7[0m [38;5;28mprint[39m([38;5;124m"[39m[38;5;124mTotal Nodes :[39m[38;5;124m"[39m, G[38;5;241m.[39mnumber_of_nodes())
[0;32m      8[0m [38;5;28mprint[39m([38;5;124m"[39m[38;5;124mTotal Edges :[39m[38;5;124m"[39m, G[38;5;241m.[39mnumber_of_edges())

File [1;32m~\AppData\Local\Programs\Python\Python310\lib\site-packages\networkx\utils\decorators.py:789[0m, in [0;36margmap.__call__.<locals>.func[1;34m(_argmap__wrapper, *args, **kwargs)[0m
[0;32m    788[0m [38;5;28;01mdef[39;00m [38;5;21mfunc[39m([38;5;241m*[39margs, __wrapper[38;5;241m=[39m[38;5;28;01mNone[39;00m, [38;5;241m*[39m[38;5;241m*[39mkwargs):
[1;32m--> 789[0m     [38;5;28;01mreturn[39;00m argmap[38;5;241m.[39m_lazy_compile(__wrapper)([38;5;241m*[39margs, [38;5;241m*[39m[38;5;241m*[39mkwargs)

File [1;32m<class 'networkx.utils.decorators.argmap'> compilation 6:3[0m, in [0;36margmap_read_edgelist_1[1;34m(path, comments, delimiter, create_using, nodetype, data, edgetype, encoding, backend, **backend_kwargs)[0m
[0;32m      1[0m [38;5;28;01mimport[39;00m [38;5;21;01mbz2[39;00m
[0;32m      2[0m [38;5;28;01mimport[39;00m [38;5;21;01mcollections[39;00m
[1;32m----> 3[0m [38;5;28;01mimport[39;00m [38;5;21;01mgzip[39;00m
[0;32m      4[0m [38;5;28;01mimport[39;00m [38;5;21;01minspect[39;00m
[0;32m      5[0m [38;5;28;01mimport[39;00m [38;5;21;01mitertools[39;00m

File [1;32m~\AppData\Local\Programs\Python\Python310\lib\site-packages\networkx\utils\decorators.py:199[0m, in [0;36mopen_file.<locals>._open_file[1;34m(path)[0m
[0;32m    195[0m [38;5;28;01melse[39;00m:
[0;32m    196[0m     [38;5;66;03m# could be None, or a file handle, in which case the algorithm will deal with it[39;00m
[0;32m    197[0m     [38;5;28;01mreturn[39;00m path, [38;5;28;01mlambda[39;00m: [38;5;28;01mNone[39;00m
[1;32m--> 199[0m fobj [38;5;241m=[39m [43m_dispatch_dict[49m[43m[[49m[43mext[49m[43m][49m[43m([49m[43mpath[49m[43m,[49m[43m [49m[43mmode[49m[38;5;241;43m=[39;49m[43mmode[49m[43m)[49m
[0;32m    200[0m [38;5;28;01mreturn[39;00m fobj, [38;5;28;01mlambda[39;00m: fobj[38;5;241m.[39mclose()

[1;31mFileNotFoundError[0m: [Errno 2] No such file or directory: '/content/drive/MyDrive/PPW/facebook_combined.txt'

